// Jest Snapshot v1, https://goo.gl/fbAQLP

exports[`renders homepage unchanged 1`] = `
<div
  className="flex flex-row items-center justify-between p-4 border rounded gap-4"
>
  <div>
    <a
      href="https://github.com/jiangdongguo/KeepingAppAlive"
      rel="noreferrer"
      target="_blank"
    >
      <span>
        jiangdongguo
         / 
        KeepingAppAlive
      </span>
    </a>
  </div>
  <div
    className="flex flex-row items-center gap-4"
  >
    <div
      className="flex flex-row items-center px-2 py-1 border rounded gap-2 w-min"
    >
      <svg
        aria-label="Star"
        className="StyledIcon-sc-ofa7kd-0 iGxoTL"
        viewBox="0 0 24 24"
      >
        <path
          d="M12 16.667 5 22l3-8-6-4.5h7.5L12 2l2.5 7.5H22L16 14l3 8z"
          fill="#FFC95E"
          fillRule="evenodd"
        />
      </svg>
      <span>
        |
      </span>
      684
    </div>
    <svg
      aria-label="Favorite"
      className="StyledIcon-sc-ofa7kd-0 jsREsH"
      onClick={[Function]}
      viewBox="0 0 24 24"
    >
      <path
        d="M1 8.4C1 4 4.5 3 6.5 3 9 3 11 5 12 6.5 13 5 15 3 17.5 3c2 0 5.5 1 5.5 5.4C23 15 12 21 12 21S1 15 1 8.4z"
        fill="none"
        stroke="#000"
        strokeWidth="2"
      />
    </svg>
  </div>
</div>
`;
